{
  "version": 3,
  "properties": {
    "delta.checkpoint.writeStatsAsStruct": "true",
    "delta.checkpointInterval": "2",
    "delta.checkpoint.writeStatsAsJson": "false"
  },
  "min_reader_version": 1,
  "min_writer_version": 2
}