{
  "version": 3,
  "properties": {
    "delta.checkpoint.writeStatsAsJson": "false",
    "delta.checkpoint.writeStatsAsStruct": "false",
    "delta.dataSkippingNumIndexedCols": "0",
    "delta.checkpointInterval": "2"
  },
  "min_reader_version": 1,
  "min_writer_version": 2
}