{
  "version": 0,
  "properties": {},
  "min_reader_version": 1,
  "min_writer_version": 2
}